<!--[--><p>before</p><!-- a comment --><p>after</p><!--]-->
