<!--[--><!--[--><p>thing</p><!--]--> <!--[--><p>thing</p><p>thing</p><p>thing</p><!--]--><!--]-->
