<!--[--><div></div> <!--[--><div></div> <div></div><!--]--><!--]-->
