<!--[--><pre><div><span></span></div>
</pre><!--]-->