<!--[--><!--[--><p>child</p><!--]--> <!--[--><p>child</p><p>child</p><p>child</p><!--]--><!--]-->
