<!--[--><div class="test"></div><div style="color: green;"></div><!--]-->