<select><option class="opt svelte-1l69ci" value="foo" selected>foo</option></select>

