<!--[--><div class="foo svelte-gfnjhw">foo</div><!--]-->