<!--[-->
<!---->
<title>lorem</title>
<!---->
<!---->
<style>
	.ipsum {
		display: block;
	}
	</style>
<!---->
<!---->
<script>
	console.log(true);
</script>
<!---->
<!--]-->
