<!--[--><!--[!--><p>a</p><!--]--> <!--[--><p>empty</p><!--]--><!--]-->
