<!--[--><div>A</div><div hidden>B</div><div hidden="until-found">C</div><!--]-->
