<div>value</div>
<div>value</div>
<div>child value</div>