<select>
  <option selected>421</option>
</select>