<!--[--><p>devicePixelRatio: </p> <p>innerHeight: </p> <p>innerWidth: </p> <p>online: </p> <p>outerHeight: </p> <p>outerWidth: </p> <p>screenLeft: </p> <p>screenTop: </p> <p>scrollX: </p> <p>scrollY: </p><!--]-->