<!--[--><ul><!--[--><li>a</li><li>b</li><!--]--></ul> <ul><!--[--><li>a</li><li>b</li><!--]--></ul> <ul><!--[--><li>a</li><li>b</li><!--]--></ul> <!--[--><li>a</li> <li>a</li><li>b</li> <li>b</li><!--]--> <!--[--><li>a</li> <li>a</li><li>b</li> <li>b</li><!--]--> <!--[--><li>a</li> <li>a</li><li>b</li> <li>b</li><!--]--><!--]-->
