<!--[--><noscript>JavaScript is required for this site.</noscript> <h1>Hello!</h1><p>Count: 1</p><!--]-->
