<!--[--><div class="bar svelte-1nvcr6w">bar</div><!----> <div class="foo svelte-sg04hs">foo</div><!--]-->
