<select class="foo svelte-18avu97"><option value="foo" selected>foo</option></select>
