<!--[--><ul><!--[--><li>a</li><!--]--></ul> <ul><!--[--><li>a</li><!--]--></ul> <ul><!--[--><li>a</li><!--]--></ul> <!--[--><li>a</li> <li>a</li><!--]--> <!--[--><li>a</li> <li>a</li><!--]--> <!--[--><li>a</li> <li>a</li><!--]--><!--]-->
