<select><option>--Please choose an option--</option><option selected>dog</option><option>cat</option></select>