<select><option value="">--Please choose an option--</option><option value="dog" selected>Dog</option><option value="cat">Cat</option></select>