<!--[--><a href="/foo">foo</a> <a href="/foo">foo</a><!--]-->
